// Jest Snapshot v1, https://goo.gl/fbAQLP

exports[`Test <getGifts/> should return <getGifts/> correctly 1`] = `<getGifts />`;
